ADAU145X Assembler, Analog Devices Inc.
Version: 4.7.0,1827  (built 4/5/2022)

##### Compile Started: Tuesday, June 30, 2026 11:35:06 PM #####
ADAU145X Assembler, Analog Devices Inc.
Version: 4.7.0,1827  (built 4/5/2022)

##### Compile Started: Tuesday, June 30, 2026 11:35:06 PM #####
##### Compile succeeded:  0 errors, 0 warnings #####

##### Summary #####
DM0 RAM used:       07811    (of 20480)
DM1 RAM used:       06907    (of 20480)
PM  RAM used(Data): 03844    (of 8192)
PM  RAM used(Inst): 02510    (of 8192) 1774 instructions (32bit: 1038  64bit: 736)
Total PM used:      06354    (of 8192)

--------------------------------------------------------------------------------------
STREAM                        Inst      Inst      DM0     DM1     PM
Instance                      (cycles)  (size)    
--------------------------------------------------------------------------------------
STACK                          -         -        16      0       0       
RMS_LIM                       376       424       488     8       0
PK_LIM                        336       392       552     8       0
Mixer                         243       376       100     98      0
LowPass                       248       328       88      190     0
HighPass                      248       328       88      184     0
PEQ                           224       232       400     360     0
FIR                           1072      128       4096    4096    0
Delay                         70        92        1930    1930    3844
FRAMEWORK                     61        42        16      7       0
Noise_Pink_Filter             19        30        16      8       0
Tone_Gen                      18        18        10      1       0
Heartbeat_Pulse               17        17        4       2       0
I2S_OUT_0                     13        17        0       4       0
I2S_OUT_1                     5         9         0       0       0
I2S_IN_1                      8         8         0       4       0
Heartbeat_Switch              5         5         1       1       0
Noise_Gen                     4         4         1       1       0
Heartbeat_DC                  2         2         1       1       0
Heartbeat_OUT                 2         2         0       0       0
--------------------------------------------------------------------------------------
Total                         2971      2454      7807    6903    3844
--------------------------------------------------------------------------------------
(% Fs=48.0kHz)                49%       30%       39%     34%     47%

